

Mon Aug 29 15:37:55 2022
Command line: TestDisk

TestDisk 7.1, Data Recovery Utility, July 2019
Christophe GRENIER <grenier@cgsecurity.org>
https://www.cgsecurity.org
OS: Linux, kernel 5.18.0-kali5-amd64 (#1 SMP PREEMPT_DYNAMIC Debian 5.18.5-1kali6 (2022-07-07)) x86_64
Compiler: GCC 10.3
ext2fs lib: 1.46.5, ntfs lib: libntfs-3g, reiserfs lib: none, ewf lib: none, curses lib: ncurses 6.2
/dev/sda: LBA, HPA, LBA48, DCO support
/dev/sda: size       976773168 sectors
/dev/sda: user_max   976773168 sectors
/dev/sda: native_max 976773168 sectors
/dev/sda: dco        976773168 sectors
Warning: can't get size for Disk /dev/mapper/control - 0 B - 0 sectors, sector size=512
Hard disk list
Disk /dev/sda - 500 GB / 465 GiB - CHS 60801 255 63, sector size=512 - HGST HTS725050A7E630, S/N:TF755AY9KW514M, FW:GH2ZB550

Partition table type (auto): Intel
Disk /dev/sda - 500 GB / 465 GiB - HGST HTS725050A7E630
Partition table type: Intel

Analyse Disk /dev/sda - 500 GB / 465 GiB - CHS 60801 255 63
Geometry from i386 MBR: head=255 sector=63
Current partition structure:
 1 * Linux                    0  32 33 60538 146 24  972550144
 2 P Linux Swap           60538 146 25 60801  47 46    4218880

search_part()
Disk /dev/sda - 500 GB / 465 GiB - CHS 60801 255 63

recover_EXT2: s_block_group_nr=0/3709, s_mnt_count=77/4294967295, s_blocks_per_group=32768, s_inodes_per_group=8192
recover_EXT2: s_blocksize=4096
recover_EXT2: s_blocks_count 121568768
recover_EXT2: part_size 972550144
Filesystem created: Wed Jan  2 01:52:56 1980
Last mount time:    Mon Aug 29 14:53:06 2022
     Linux                    0  32 33 60538 146 24  972550144
     ext4 blocksize=4096 Large_file Sparse_SB Recover, 497 GB / 463 GiB
     Linux Swap           60538 146 25 60801  47 30    4218864
     SWAP2 version 1, pagesize=4096, 2160 MB / 2059 MiB

Results
   * Linux                    0  32 33 60538 146 24  972550144
     ext4 blocksize=4096 Large_file Sparse_SB Recover, 497 GB / 463 GiB
   P Linux Swap           60538 146 25 60801  47 46    4218880
     SWAP2 version 1, pagesize=4096, 2160 MB / 2060 MiB

Hint for advanced users: dmsetup may be used if you prefer to avoid rewriting the partition table for the moment:
echo "0 972550144 linear /dev/sda 2048" | dmsetup create test0
echo "0 4218880 linear /dev/sda 972552192" | dmsetup create test1

interface_write()
 1 * Linux                    0  32 33 60538 146 24  972550144
 2 P Linux Swap           60538 146 25 60801  47 46    4218880

search_part()
Disk /dev/sda - 500 GB / 465 GiB - CHS 60801 255 63

recover_EXT2: s_block_group_nr=0/3709, s_mnt_count=77/4294967295, s_blocks_per_group=32768, s_inodes_per_group=8192
recover_EXT2: s_blocksize=4096
recover_EXT2: s_blocks_count 121568768
recover_EXT2: part_size 972550144
Filesystem created: Wed Jan  2 01:52:56 1980
Last mount time:    Mon Aug 29 14:53:06 2022
     Linux                    0  32 33 60538 146 24  972550144
     ext4 blocksize=4096 Large_file Sparse_SB Recover, 497 GB / 463 GiB

block_group_nr 1

recover_EXT2: "e2fsck -b 32768 -B 4096 device" may be needed
recover_EXT2: s_block_group_nr=1/3709, s_mnt_count=0/4294967295, s_blocks_per_group=32768, s_inodes_per_group=8192
recover_EXT2: s_blocksize=4096
recover_EXT2: s_blocks_count 121568768
recover_EXT2: part_size 972550144
Filesystem created: Wed Jan  2 01:52:56 1980
     Linux                    0  32 33 60538 146 24  972550144
     ext4 blocksize=4096 Large_file Sparse_SB Backup_SB, 497 GB / 463 GiB

block_group_nr 3

recover_EXT2: "e2fsck -b 98304 -B 4096 device" may be needed
recover_EXT2: s_block_group_nr=3/3709, s_mnt_count=0/4294967295, s_blocks_per_group=32768, s_inodes_per_group=8192
recover_EXT2: s_blocksize=4096
recover_EXT2: s_blocks_count 121568768
recover_EXT2: part_size 972550144
Filesystem created: Wed Jan  2 01:52:56 1980
     Linux                    0  32 33 60538 146 24  972550144
     ext4 blocksize=4096 Large_file Sparse_SB Backup_SB, 497 GB / 463 GiB

block_group_nr 5

recover_EXT2: "e2fsck -b 163840 -B 4096 device" may be needed
recover_EXT2: s_block_group_nr=5/3709, s_mnt_count=0/4294967295, s_blocks_per_group=32768, s_inodes_per_group=8192
recover_EXT2: s_blocksize=4096
recover_EXT2: s_blocks_count 121568768
recover_EXT2: part_size 972550144
Filesystem created: Wed Jan  2 01:52:56 1980
     Linux                    0  32 33 60538 146 24  972550144
     ext4 blocksize=4096 Large_file Sparse_SB Backup_SB, 497 GB / 463 GiB

block_group_nr 7

recover_EXT2: "e2fsck -b 229376 -B 4096 device" may be needed
recover_EXT2: s_block_group_nr=7/3709, s_mnt_count=0/4294967295, s_blocks_per_group=32768, s_inodes_per_group=8192
recover_EXT2: s_blocksize=4096
recover_EXT2: s_blocks_count 121568768
recover_EXT2: part_size 972550144
Filesystem created: Wed Jan  2 01:52:56 1980
     Linux                    0  32 33 60538 146 24  972550144
     ext4 blocksize=4096 Large_file Sparse_SB Backup_SB, 497 GB / 463 GiB
     Linux Swap           60538 146 25 60801  47 30    4218864
     SWAP2 version 1, pagesize=4096, 2160 MB / 2059 MiB
Search for partition aborted

Results
   * Linux                    0  32 33 60538 146 24  972550144
     ext4 blocksize=4096 Large_file Sparse_SB Recover, 497 GB / 463 GiB
   P Linux Swap           60538 146 25 60801  47 46    4218880
     SWAP2 version 1, pagesize=4096, 2160 MB / 2060 MiB

Hint for advanced users: dmsetup may be used if you prefer to avoid rewriting the partition table for the moment:
echo "0 972550144 linear /dev/sda 2048" | dmsetup create test0
echo "0 4218880 linear /dev/sda 972552192" | dmsetup create test1

interface_write()
 1 * Linux                    0  32 33 60538 146 24  972550144
 2 P Linux Swap           60538 146 25 60801  47 46    4218880
simulate write!

write_mbr_i386: starting...
write_all_log_i386: starting...
No extended partition

Interface Advanced
Geometry from i386 MBR: head=255 sector=63
 1 * Linux                    0  32 33 60538 146 24  972550144
     ext4 blocksize=4096 Large_file Sparse_SB Recover, 497 GB / 463 GiB
 2 P Linux Swap           60538 146 25 60801  47 46    4218880
     SWAP2 version 1, pagesize=4096, 2160 MB / 2060 MiB


dir_partition inode=2
 1 * Linux                    0  32 33 60538 146 24  972550144
     ext4 blocksize=4096 Large_file Sparse_SB Recover, 497 GB / 463 GiB
Directory /
       2 drwxr-xr-x     0      0      4096 22-Aug-2022 13:51 .
       2 drwxr-xr-x     0      0      4096 22-Aug-2022 13:51 ..
      11 drwx------     0      0     16384  2-Jan-1980 01:52 lost+found
 5505025 drwxr-xr-x     0      0     12288 29-Aug-2022 15:28 etc
 9961473 drwxr-xr-x     0      0      4096 27-Aug-2022 01:23 media
      18 lrwxrwxrwx     0      0        31  2-Jan-1980 01:56 vmlinuz.old
 1048577 drwxr-xr-x     0      0      4096  2-Jan-1980 02:06 var
      12 lrwxrwxrwx     0      0         7  2-Jan-1980 01:53 bin
  262145 drwxr-xr-x     0      0      4096  2-Jan-1980 01:53 usr
      13 lrwxrwxrwx     0      0         8  2-Jan-1980 01:53 sbin
      14 lrwxrwxrwx     0      0         7  2-Jan-1980 01:53 lib
      15 lrwxrwxrwx     0      0         9  2-Jan-1980 01:53 lib32
      16 lrwxrwxrwx     0      0         9  2-Jan-1980 01:53 lib64
      17 lrwxrwxrwx     0      0        10  2-Jan-1980 01:53 libx32
 28835841 drwxr-xr-x     0      0      4096 22-Aug-2022 00:20 boot
 6815745 drwxr-xr-x     0      0      4096  2-Jan-1980 01:53 dev
 30146561 drwxr-xr-x     0      0      4096 16-Aug-2022 22:56 home
 8650753 drwxr-xr-x     0      0      4096 27-Apr-2022 14:42 proc
 14680065 drwx------     0      0      4096 26-Aug-2022 23:48 root
 19922945 drwxr-xr-x     0      0      4096  2-Jan-1980 03:00 run
 17039361 drwxr-xr-x     0      0      4096 27-Apr-2022 14:42 sys
 11534337 drwxrwxrwt     0      0      4096 29-Aug-2022 15:39 tmp
 26738689 drwxr-xr-x     0      0      4096  2-Jan-1980 01:53 mnt
 4849665 drwxr-xr-x     0      0      4096  2-Jan-1980 02:33 srv
 8388609 drwxrwxrwx     0      0      4096 17-Aug-2022 14:55 opt
 7077889 drwx------     0      0      4096  2-Jan-1980 02:37 .cache
      19 lrwxrwxrwx     0      0        34  2-Jan-1980 01:56 initrd.img.old
    6706 lrwxrwxrwx     0      0        31 22-Aug-2022 00:20 vmlinuz
      20 lrwxrwxrwx     0      0        34 22-Aug-2022 00:20 initrd.img
      22 -rwxr-xr-x     0      0       459 20-Mar-2020 10:08 install-script.sh

dir_partition inode=30146561
 1 * Linux                    0  32 33 60538 146 24  972550144
     ext4 blocksize=4096 Large_file Sparse_SB Recover, 497 GB / 463 GiB
Directory /home
 30146561 drwxr-xr-x     0      0      4096 16-Aug-2022 22:56 .
       2 drwxr-xr-x     0      0      4096 22-Aug-2022 13:51 ..
 30146562 drwxr-xr-x  1000   1000      4096 29-Aug-2022 14:55 dubsy

dir_partition inode=30146562
 1 * Linux                    0  32 33 60538 146 24  972550144
     ext4 blocksize=4096 Large_file Sparse_SB Recover, 497 GB / 463 GiB
Directory /home/dubsy
 30146562 drwxr-xr-x  1000   1000      4096 29-Aug-2022 14:55 .
 30146561 drwxr-xr-x     0      0      4096 16-Aug-2022 22:56 ..
 30146563 -rw-r--r--  1000   1000      3526  2-Jan-1980 02:58 .bashrc.original
 30146564 -rw-r--r--  1000   1000       220  2-Jan-1980 02:58 .bash_logout
 30146565 drwxr-xr-x  1000   1000      4096  1-Aug-2022 22:35 .java
 30187540 drwx------  1000   1000      4096 23-Aug-2022 08:40 .cache
 30158794 -rw-r--r--  1000   1000      5630  4-Aug-2022 17:04 .bashrc
 30146579 lrwxrwxrwx  1000   1000         5  2-Jan-1980 02:58 .face.icon
 30146580 -rw-r--r--  1000   1000     11759  2-Jan-1980 02:58 .face
 30146581 -rw-r--r--  1000   1000     10877  2-Jan-1980 02:58 .zshrc
 30146582 -rw-r--r--  1000   1000       807  2-Jan-1980 02:58 .profile
 30187541 drwx------  1000   1000      4096 27-Aug-2022 20:55 .config
 30187562 drwxr-xr-x  1000   1000      4096 23-Aug-2022 08:40 .local
 30146638 drwxr-xr-x  1000   1000      4096 16-Aug-2022 19:02 Desktop
 30146639 drwxr-xr-x  1000   1000      4096 29-Aug-2022 00:22 Downloads
 30146640 drwxr-xr-x  1000   1000      4096 15-Aug-2022 03:48 Templates
 30146641 drwxr-xr-x  1000   1000      4096 15-Mar-2022 12:04 Public
 30146642 drwxr-xr-x  1000   1000      4096 19-Aug-2022 17:18 Documents
 30146643 drwxr-xr-x  1000   1000     20480  2-Aug-2022 02:46 Music
 30146644 drwxr-xr-x  1000   1000      4096 14-Aug-2022 06:20 Pictures
 30146645 drwxr-xr-x  1000   1000      4096 26-Aug-2022 21:22 Videos
 30146709 -rw-------  1000   1000         0 15-Mar-2022 12:05 .ICEauthority
 30146763 drwx------  1000   1000      4096 12-Aug-2022 12:27 .gnupg
 30146929 drwx------  1000   1000      4096  1-Aug-2022 22:35 .mozilla
 30151182 drwx------  1000   1000      4096  1-Aug-2022 21:43 .pki
 30158701 -rwxrwxrwx  1000   1000     81559 29-Aug-2022 13:58 .zsh_history
 30146915 -rw-r--r--  1000   1000         0 15-Mar-2022 12:12 .sudo_as_admin_successful
      26 -rw-rw-rw-  1000   1000    851696 15-Jul-2022 15:48 Google Contacts.pdf
 30278304 drwx------  1000   1000      4096  1-Aug-2022 22:17 .gnome
 30154448 -rw-r--r--  1000   1000  55344488  6-Dec-2021 21:42 xdm-setup-7.2.11.tar.xz
 30154456 -rw-r--r--  1000   1000       209 14-Aug-2022 07:09 .wget-hsts
 30154455 drwxr-xr-x  1000   1000      4096  1-Aug-2022 22:35 javasharedresources
 30278663 drwxr-xr-x  1000   1000      4096  1-Aug-2022 22:35 .xdman
 30154486 -rw-r--r--  1000   1000         0 29-Aug-2022 00:38 .xdm-global-lock
 30147856 -rw-------  1000   1000      1194  8-Aug-2022 17:09 .viminfo
 30154458 -rw-r--r--  1000   1000       143  1-Aug-2022 22:58 .bash_profile
 30204044 drwxr-xr-x  1000   1000      4096 14-Aug-2022 21:35 .bully
      28 -rw-rw-rw-  1000   1000      6337 28-Jun-2022 16:24 mysql_cheat_sheet.md
 30154760 drwxr-xr-x  1000   1000      4096  1-Aug-2022 23:04 .icons
 30279050 drwxr-xr-x  1000   1000      4096  1-Aug-2022 23:04 .themes
 30281663 drwxr-xr-x  1000   1000      4096  1-Aug-2022 23:04 .vscode
 30228540 drwxr-xr-x  1000   1000      4096 23-Aug-2022 15:07 DEV
      30 -rw-rw-rw-  1000   1000        80 20-Jul-2022 14:56 num.py
      31 -rw-rw-rw-  1000   1000       532 15-Jul-2022 10:31 rclone.conf
      32 -rw-rw-rw-  1000   1000       304 17-Jul-2022 12:53 things to do, install and download
      33 -rw-rw-rw-  1000   1000       266 15-Jun-2022 13:48 usr-bin
      34 -rw-rw-rw-  1000   1000 1234284753  1-Aug-2022 08:17 websites.rar
 30148052 drwxr-xr-x  1000   1000      4096 23-Aug-2022 14:56 websites
 30228611 drwx------  1000   1000      4096 13-Aug-2022 01:52 .dbus
 30162165 -rw-r--r--  1000   1000        60  4-Aug-2022 13:13 .gitconfig
 30160550 -rw-------  1000   1000         0 13-Aug-2022 03:06 .mongorc.js
 30160312 -rw-rw-rw-  1000   1000      2137 27-Aug-2022 14:39 list.txt
 30204057 drwxr-xr-x  1000   1000      4096 15-Aug-2022 12:03 模板
 30228640 drwx------  1000   1000      4096 26-Aug-2022 23:39 .zoom
 30192761 -rw-r--r--  1000   1000         0 21-Aug-2022 20:14 abc.txt
 30148961 -rw-------  1000   1000         0 13-Aug-2022 04:12 .dbshell
 30244875 drwxr-xr-x  1000   1000      4096 14-Aug-2022 07:29 shell-theme
 30154914 -rw-------  1000   1000        32 12-Aug-2022 12:27 mongo_key_temp.gpg~
 30207728 -rw-r--r--  1000   1000        12 24-Aug-2022 14:48 tope
 30185330 -rw-r--r--  1000   1000         0 20-Aug-2022 02:58 night.txt
 30269604 drwxr-xr-x  1000   1000      4096 26-Aug-2022 02:11 VirtualBox VMs
 30269456 drwxr-xr-x  1000   1000      4096 27-Aug-2022 00:16 WoeUSB-ng

dir_partition inode=30146639
 1 * Linux                    0  32 33 60538 146 24  972550144
     ext4 blocksize=4096 Large_file Sparse_SB Recover, 497 GB / 463 GiB
Directory /home/dubsy/Downloads
 30146639 drwxr-xr-x  1000   1000      4096 29-Aug-2022 00:22 .
 30146562 drwxr-xr-x  1000   1000      4096 29-Aug-2022 14:55 ..
 30278666 drwxr-xr-x  1000   1000      4096 20-Aug-2022 02:15 Documents
 30278667 drwxr-xr-x  1000   1000      4096  1-Aug-2022 22:35 Music
 30278668 drwxr-xr-x  1000   1000      4096 15-Aug-2022 18:52 Compressed
 30278669 drwxr-xr-x  1000   1000      4096 22-Aug-2022 21:13 Programs
 30278670 drwxr-xr-x  1000   1000      4096 29-Aug-2022 01:15 Video
 30278784 drwxr-xr-x  1000   1000      4096 29-Aug-2022 00:59 Telegram Desktop
      40 -rw-rw-rw-  1000   1000    170886 20-Jul-2022 15:57 ITF -SIWES Report Sheet.pdf
     109 drwxrwxrwx  1000   1000     20480 16-Aug-2022 13:17 Wallpaper
 30157834 -rw-r--r--  1000   1000   1329608  1-Aug-2022 23:23 candy-icons.tar.xz
      42 -rw-rw-rw-  1000   1000    800060  1-Jul-2022 16:56 siwes report for .pdf
 30228536 drwxr-xr-x  1000   1000      4096 11-Apr-2021 23:33 SQLiteStudio
 30148340 -rwxr-xr-x  1000   1000  95980512 22-Apr-2022 14:18 balenaEtcher-1.7.9-x64.AppImage
 30193184 -rw-r--r--  1000   1000    289369 29-Aug-2022 00:22 Jodie_Dart_Naked_And_Wet.jpg
      49 drwxrwxrwx  1000   1000      4096 15-Aug-2022 19:06 spotify downloader telegram bot

dir_partition inode=30278670
 1 * Linux                    0  32 33 60538 146 24  972550144
     ext4 blocksize=4096 Large_file Sparse_SB Recover, 497 GB / 463 GiB
Directory /home/dubsy/Downloads/Video
 30278670 drwxr-xr-x  1000   1000      4096 29-Aug-2022 01:15 .
 30146639 drwxr-xr-x  1000   1000      4096 29-Aug-2022 00:22 ..
 30284026 -rw-rw-rw-  1000   1000 1863231533 29-Jul-2022 14:41 Shutter Island 2010.mkv
 30191948 -rw-r--r--  1000   1000 1908964479 21-Aug-2022 10:30 .aa.mp4
Directory /home/dubsy/Downloads
 30146639 drwxr-xr-x  1000   1000      4096 29-Aug-2022 00:22 .
 30146562 drwxr-xr-x  1000   1000      4096 29-Aug-2022 14:55 ..
 30278666 drwxr-xr-x  1000   1000      4096 20-Aug-2022 02:15 Documents
 30278667 drwxr-xr-x  1000   1000      4096  1-Aug-2022 22:35 Music
 30278668 drwxr-xr-x  1000   1000      4096 15-Aug-2022 18:52 Compressed
 30278669 drwxr-xr-x  1000   1000      4096 22-Aug-2022 21:13 Programs
 30278670 drwxr-xr-x  1000   1000      4096 29-Aug-2022 01:15 Video
 30278784 drwxr-xr-x  1000   1000      4096 29-Aug-2022 00:59 Telegram Desktop
      40 -rw-rw-rw-  1000   1000    170886 20-Jul-2022 15:57 ITF -SIWES Report Sheet.pdf
     109 drwxrwxrwx  1000   1000     20480 16-Aug-2022 13:17 Wallpaper
 30157834 -rw-r--r--  1000   1000   1329608  1-Aug-2022 23:23 candy-icons.tar.xz
      42 -rw-rw-rw-  1000   1000    800060  1-Jul-2022 16:56 siwes report for .pdf
 30228536 drwxr-xr-x  1000   1000      4096 11-Apr-2021 23:33 SQLiteStudio
 30148340 -rwxr-xr-x  1000   1000  95980512 22-Apr-2022 14:18 balenaEtcher-1.7.9-x64.AppImage
 30193184 -rw-r--r--  1000   1000    289369 29-Aug-2022 00:22 Jodie_Dart_Naked_And_Wet.jpg
      49 drwxrwxrwx  1000   1000      4096 15-Aug-2022 19:06 spotify downloader telegram bot
Directory /home/dubsy
 30146562 drwxr-xr-x  1000   1000      4096 29-Aug-2022 14:55 .
 30146561 drwxr-xr-x     0      0      4096 16-Aug-2022 22:56 ..
 30146563 -rw-r--r--  1000   1000      3526  2-Jan-1980 02:58 .bashrc.original
 30146564 -rw-r--r--  1000   1000       220  2-Jan-1980 02:58 .bash_logout
 30146565 drwxr-xr-x  1000   1000      4096  1-Aug-2022 22:35 .java
 30187540 drwx------  1000   1000      4096 23-Aug-2022 08:40 .cache
 30158794 -rw-r--r--  1000   1000      5630  4-Aug-2022 17:04 .bashrc
 30146579 lrwxrwxrwx  1000   1000         5  2-Jan-1980 02:58 .face.icon
 30146580 -rw-r--r--  1000   1000     11759  2-Jan-1980 02:58 .face
 30146581 -rw-r--r--  1000   1000     10877  2-Jan-1980 02:58 .zshrc
 30146582 -rw-r--r--  1000   1000       807  2-Jan-1980 02:58 .profile
 30187541 drwx------  1000   1000      4096 27-Aug-2022 20:55 .config
 30187562 drwxr-xr-x  1000   1000      4096 23-Aug-2022 08:40 .local
 30146638 drwxr-xr-x  1000   1000      4096 16-Aug-2022 19:02 Desktop
 30146639 drwxr-xr-x  1000   1000      4096 29-Aug-2022 00:22 Downloads
 30146640 drwxr-xr-x  1000   1000      4096 15-Aug-2022 03:48 Templates
 30146641 drwxr-xr-x  1000   1000      4096 15-Mar-2022 12:04 Public
 30146642 drwxr-xr-x  1000   1000      4096 19-Aug-2022 17:18 Documents
 30146643 drwxr-xr-x  1000   1000     20480  2-Aug-2022 02:46 Music
 30146644 drwxr-xr-x  1000   1000      4096 14-Aug-2022 06:20 Pictures
 30146645 drwxr-xr-x  1000   1000      4096 26-Aug-2022 21:22 Videos
 30146709 -rw-------  1000   1000         0 15-Mar-2022 12:05 .ICEauthority
 30146763 drwx------  1000   1000      4096 12-Aug-2022 12:27 .gnupg
 30146929 drwx------  1000   1000      4096  1-Aug-2022 22:35 .mozilla
 30151182 drwx------  1000   1000      4096  1-Aug-2022 21:43 .pki
 30158701 -rwxrwxrwx  1000   1000     81559 29-Aug-2022 13:58 .zsh_history
 30146915 -rw-r--r--  1000   1000         0 15-Mar-2022 12:12 .sudo_as_admin_successful
      26 -rw-rw-rw-  1000   1000    851696 15-Jul-2022 15:48 Google Contacts.pdf
 30278304 drwx------  1000   1000      4096  1-Aug-2022 22:17 .gnome
 30154448 -rw-r--r--  1000   1000  55344488  6-Dec-2021 21:42 xdm-setup-7.2.11.tar.xz
 30154456 -rw-r--r--  1000   1000       209 14-Aug-2022 07:09 .wget-hsts
 30154455 drwxr-xr-x  1000   1000      4096  1-Aug-2022 22:35 javasharedresources
 30278663 drwxr-xr-x  1000   1000      4096  1-Aug-2022 22:35 .xdman
 30154486 -rw-r--r--  1000   1000         0 29-Aug-2022 00:38 .xdm-global-lock
 30147856 -rw-------  1000   1000      1194  8-Aug-2022 17:09 .viminfo
 30154458 -rw-r--r--  1000   1000       143  1-Aug-2022 22:58 .bash_profile
 30204044 drwxr-xr-x  1000   1000      4096 14-Aug-2022 21:35 .bully
      28 -rw-rw-rw-  1000   1000      6337 28-Jun-2022 16:24 mysql_cheat_sheet.md
 30154760 drwxr-xr-x  1000   1000      4096  1-Aug-2022 23:04 .icons
 30279050 drwxr-xr-x  1000   1000      4096  1-Aug-2022 23:04 .themes
 30281663 drwxr-xr-x  1000   1000      4096  1-Aug-2022 23:04 .vscode
 30228540 drwxr-xr-x  1000   1000      4096 23-Aug-2022 15:07 DEV
      30 -rw-rw-rw-  1000   1000        80 20-Jul-2022 14:56 num.py
      31 -rw-rw-rw-  1000   1000       532 15-Jul-2022 10:31 rclone.conf
      32 -rw-rw-rw-  1000   1000       304 17-Jul-2022 12:53 things to do, install and download
      33 -rw-rw-rw-  1000   1000       266 15-Jun-2022 13:48 usr-bin
      34 -rw-rw-rw-  1000   1000 1234284753  1-Aug-2022 08:17 websites.rar
 30148052 drwxr-xr-x  1000   1000      4096 23-Aug-2022 14:56 websites
 30228611 drwx------  1000   1000      4096 13-Aug-2022 01:52 .dbus
 30162165 -rw-r--r--  1000   1000        60  4-Aug-2022 13:13 .gitconfig
 30160550 -rw-------  1000   1000         0 13-Aug-2022 03:06 .mongorc.js
 30160312 -rw-rw-rw-  1000   1000      2137 27-Aug-2022 14:39 list.txt
 30204057 drwxr-xr-x  1000   1000      4096 15-Aug-2022 12:03 模板
 30228640 drwx------  1000   1000      4096 26-Aug-2022 23:39 .zoom
 30192761 -rw-r--r--  1000   1000         0 21-Aug-2022 20:14 abc.txt
 30148961 -rw-------  1000   1000         0 13-Aug-2022 04:12 .dbshell
 30244875 drwxr-xr-x  1000   1000      4096 14-Aug-2022 07:29 shell-theme
 30154914 -rw-------  1000   1000        32 12-Aug-2022 12:27 mongo_key_temp.gpg~
 30207728 -rw-r--r--  1000   1000        12 24-Aug-2022 14:48 tope
 30185330 -rw-r--r--  1000   1000         0 20-Aug-2022 02:58 night.txt
 30269604 drwxr-xr-x  1000   1000      4096 26-Aug-2022 02:11 VirtualBox VMs
 30269456 drwxr-xr-x  1000   1000      4096 27-Aug-2022 00:16 WoeUSB-ng
Directory /home
 30146561 drwxr-xr-x     0      0      4096 16-Aug-2022 22:56 .
       2 drwxr-xr-x     0      0      4096 22-Aug-2022 13:51 ..
 30146562 drwxr-xr-x  1000   1000      4096 29-Aug-2022 14:55 dubsy
Directory /
       2 drwxr-xr-x     0      0      4096 22-Aug-2022 13:51 .
       2 drwxr-xr-x     0      0      4096 22-Aug-2022 13:51 ..
      11 drwx------     0      0     16384  2-Jan-1980 01:52 lost+found
 5505025 drwxr-xr-x     0      0     12288 29-Aug-2022 15:28 etc
 9961473 drwxr-xr-x     0      0      4096 27-Aug-2022 01:23 media
      18 lrwxrwxrwx     0      0        31  2-Jan-1980 01:56 vmlinuz.old
 1048577 drwxr-xr-x     0      0      4096  2-Jan-1980 02:06 var
      12 lrwxrwxrwx     0      0         7  2-Jan-1980 01:53 bin
  262145 drwxr-xr-x     0      0      4096  2-Jan-1980 01:53 usr
      13 lrwxrwxrwx     0      0         8  2-Jan-1980 01:53 sbin
      14 lrwxrwxrwx     0      0         7  2-Jan-1980 01:53 lib
      15 lrwxrwxrwx     0      0         9  2-Jan-1980 01:53 lib32
      16 lrwxrwxrwx     0      0         9  2-Jan-1980 01:53 lib64
      17 lrwxrwxrwx     0      0        10  2-Jan-1980 01:53 libx32
 28835841 drwxr-xr-x     0      0      4096 22-Aug-2022 00:20 boot
 6815745 drwxr-xr-x     0      0      4096  2-Jan-1980 01:53 dev
 30146561 drwxr-xr-x     0      0      4096 16-Aug-2022 22:56 home
 8650753 drwxr-xr-x     0      0      4096 27-Apr-2022 14:42 proc
 14680065 drwx------     0      0      4096 26-Aug-2022 23:48 root
 19922945 drwxr-xr-x     0      0      4096  2-Jan-1980 03:00 run
 17039361 drwxr-xr-x     0      0      4096 27-Apr-2022 14:42 sys
 11534337 drwxrwxrwt     0      0      4096 29-Aug-2022 15:39 tmp
 26738689 drwxr-xr-x     0      0      4096  2-Jan-1980 01:53 mnt
 4849665 drwxr-xr-x     0      0      4096  2-Jan-1980 02:33 srv
 8388609 drwxrwxrwx     0      0      4096 17-Aug-2022 14:55 opt
 7077889 drwx------     0      0      4096  2-Jan-1980 02:37 .cache
      19 lrwxrwxrwx     0      0        34  2-Jan-1980 01:56 initrd.img.old
    6706 lrwxrwxrwx     0      0        31 22-Aug-2022 00:20 vmlinuz
      20 lrwxrwxrwx     0      0        34 22-Aug-2022 00:20 initrd.img
      22 -rwxr-xr-x     0      0       459 20-Mar-2020 10:08 install-script.sh

TestDisk exited normally.
